
=== Channel: Adhesion:Retrace ===
  DimScaling shape:   (2, 2)
  DimScaling[0,:]:    [8.656250e-06 1.665625e-05]  (row 0)
  DimScaling[1,:]:    [-4.e-06  4.e-06]  (row 1)
  --- If [start, end] interpretation ---
    xreal (row1 range) = 8e-06
    yreal (row0 range) = 7.999999999999998e-06
  --- If [step, offset] interpretation ---
    row0: step=8.656249999999648e-06  offset=1.6656249999999646e-05
    row1: step=-4e-06  offset=4e-06
  DimUnits:           ['m' 'm']
  DataUnits:          N
  DimExtents ('Resolution 0'): [512 384]

=== Channel: FFMZSensor:Retrace ===
  DimScaling shape:   (2, 2)
  DimScaling[0,:]:    [8.656250e-06 1.665625e-05]  (row 0)
  DimScaling[1,:]:    [-4.e-06  4.e-06]  (row 1)
  --- If [start, end] interpretation ---
    xreal (row1 range) = 8e-06
    yreal (row0 range) = 7.999999999999998e-06
  --- If [step, offset] interpretation ---
    row0: step=8.656249999999648e-06  offset=1.6656249999999646e-05
    row1: step=-4e-06  offset=4e-06
  DimUnits:           ['m' 'm']
  DataUnits:          m
  DimExtents ('Resolution 0'): [512 384]

=== Channel: MaxForce:Retrace ===
  DimScaling shape:   (2, 2)
  DimScaling[0,:]:    [8.656250e-06 1.665625e-05]  (row 0)
  DimScaling[1,:]:    [-4.e-06  4.e-06]  (row 1)
  --- If [start, end] interpretation ---
    xreal (row1 range) = 8e-06
    yreal (row0 range) = 7.999999999999998e-06
  --- If [step, offset] interpretation ---
    row0: step=8.656249999999648e-06  offset=1.6656249999999646e-05
    row1: step=-4e-06  offset=4e-06
  DimUnits:           ['m' 'm']
  DataUnits:          N
  DimExtents ('Resolution 0'): [512 384]

=== 2D dataset shapes ===
  Image/DataSet/Resolution 0/Frame 0/Adhesion:Retrace/Image  shape=(512, 384)
  Image/DataSet/Resolution 0/Frame 0/FFMZSensor:Retrace/Image  shape=(512, 384)
  Image/DataSet/Resolution 0/Frame 0/MaxForce:Retrace/Image  shape=(512, 384)
  Image/DataSetInfo/Global/Channels/Adhesion:Retrace/Thumbnail  shape=(128, 128)
  Image/DataSetInfo/Global/Channels/FFMZSensor:Retrace/Thumbnail  shape=(128, 128)
  Image/DataSetInfo/Global/Channels/MaxForce:Retrace/Thumbnail  shape=(128, 128)
  Image/DataSetInfo/Global/Thumbnail  shape=(128, 128)
